#
# There is insufficient memory for the Java Runtime Environment to continue.
# Native memory allocation (mmap) failed to map 167772160 bytes. Error detail: G1 virtual space
# Possible reasons:
#   The system is out of physical RAM or swap space
#   This process is running with CompressedOops enabled, and the Java Heap may be blocking the growth of the native heap
# Possible solutions:
#   Reduce memory load on the system
#   Increase physical memory or swap space
#   Check if swap backing store is full
#   Decrease Java heap size (-Xmx/-Xms)
#   Decrease number of Java threads
#   Decrease Java thread stack sizes (-Xss)
#   Set larger code cache with -XX:ReservedCodeCacheSize=
#   JVM is running with Zero Based Compressed Oops mode in which the Java heap is
#     placed in the first 32GB address space. The Java Heap base address is the
#     maximum limit for the native heap growth. Please use -XX:HeapBaseMinAddress
#     to set the Java Heap base and to place the Java Heap above 32GB virtual address.
# This output file may be truncated or incomplete.
#
#  Out of Memory Error (os_windows.cpp:3898), pid=7620, tid=11912
#
# JRE version:  (21.0.6) (build )
# Java VM: OpenJDK 64-Bit Server VM (21.0.6+-13368085-b895.109, mixed mode, sharing, tiered, compressed oops, compressed class ptrs, g1 gc, windows-amd64)
# No core dump will be written. Minidumps are not enabled by default on client versions of Windows
#

---------------  S U M M A R Y ------------

Command Line: -javaagent:E:\Android\lib\idea_rt.jar=56589 -Dfile.encoding=UTF-8 -Dsun.stdout.encoding=UTF-8 -Dsun.stderr.encoding=UTF-8 com.example.ApplicationKt

Host: AMD Ryzen 5 3500U with Radeon Vega Mobile Gfx  , 8 cores, 9G,  Windows 11 , 64 bit Build 22621 (10.0.22621.5415)
Time: Sun Jul 27 00:18:44 2025 Hora est. Pacífico, Sudamérica elapsed time: 0.086968 seconds (0d 0h 0m 0s)

---------------  T H R E A D  ---------------

Current thread (0x00000213b4a14a20):  JavaThread "Unknown thread" [_thread_in_vm, id=11912, stack(0x000000b804d00000,0x000000b804e00000) (1024K)]

Stack: [0x000000b804d00000,0x000000b804e00000]
Native frames: (J=compiled Java code, j=interpreted, Vv=VM code, C=native code)
V  [jvm.dll+0x6d0639]
V  [jvm.dll+0x85eb03]
V  [jvm.dll+0x86105e]
V  [jvm.dll+0x861743]
V  [jvm.dll+0x27e6e6]
V  [jvm.dll+0x6ccfd5]
V  [jvm.dll+0x6c0a8a]
V  [jvm.dll+0x35537b]
V  [jvm.dll+0x35cfd6]
V  [jvm.dll+0x3aef86]
V  [jvm.dll+0x3af258]
V  [jvm.dll+0x327a2c]
V  [jvm.dll+0x32871b]
V  [jvm.dll+0x826549]
V  [jvm.dll+0x3bc158]
V  [jvm.dll+0x80f7f8]
V  [jvm.dll+0x45035e]
V  [jvm.dll+0x451ac1]
C  [jli.dll+0x52ab]
C  [ucrtbase.dll+0x29333]
C  [KERNEL32.DLL+0x1259d]
C  [ntdll.dll+0x5af78]


---------------  P R O C E S S  ---------------

Threads class SMR info:
_java_thread_list=0x00007ff8628c1848, length=0, elements={
}

Java Threads: ( => current thread )
Total: 0

Other Threads:
  0x00000213b26c6120 WorkerThread "GC Thread#0"                     [id=22524, stack(0x000000b804e00000,0x000000b804f00000) (1024K)]
  0x00000213b4a67dd0 ConcurrentGCThread "G1 Main Marker"            [id=14376, stack(0x000000b804f00000,0x000000b805000000) (1024K)]
  0x00000213b26c7340 WorkerThread "G1 Conc#0"                       [id=21284, stack(0x000000b805000000,0x000000b805100000) (1024K)]

[error occurred during error reporting (printing all threads), id 0xc0000005, EXCEPTION_ACCESS_VIOLATION (0xc0000005) at pc=0x00007ff8620baa87]
VM state: not at safepoint (not fully initialized)

VM Mutex/Monitor currently owned by a thread:  ([mutex/lock_event])
[0x00007ff86292e4a0] Heap_lock - owner thread: 0x00000213b4a14a20

Heap address: 0x0000000761400000, size: 2540 MB, Compressed Oops mode: Zero based, Oop shift amount: 3

CDS archive(s) mapped at: [0x0000000000000000-0x0000000000000000-0x0000000000000000), size 0, SharedBaseAddress: 0x0000000800000000, ArchiveRelocationMode: 1.
Narrow klass base: 0x0000000000000000, Narrow klass shift: 0, Narrow klass range: 0x0

GC Precious Log:
 CardTable entry size: 512
 Card Set container configuration: InlinePtr #cards 4 size 8 Array Of Cards #cards 16 size 48 Howl #buckets 8 coarsen threshold 3686 Howl Bitmap #cards 512 size 80 coarsen threshold 460 Card regions per heap region 1 cards per card region 4096

Heap:
 garbage-first heap   total 0K, used 0K [0x0000000761400000, 0x0000000800000000)
  region size 2048K, 0 young (0K), 0 survivors (0K)
 Metaspace       used 0K, committed 0K, reserved 0K
  class space    used 0K, committed 0K, reserved 0K

Heap Regions: E=young(eden), S=young(survivor), O=old, HS=humongous(starts), HC=humongous(continues), CS=collection set, F=free, TAMS=top-at-mark-start, PB=parsable bottom

Card table byte_map: [0x00000213c7380000,0x00000213c7880000] _byte_map_base: 0x00000213c3876000

Marking Bits: (CMBitMap*) 0x00000213b4a625b0
 Bits: [0x00000213c7880000, 0x00000213ca030000)

GC Heap History (0 events):
No events

Dll operation events (1 events):
Event: 0.055 Loaded shared library E:\Android\jbr\bin\java.dll

Deoptimization events (0 events):
No events

Classes loaded (0 events):
No events

Classes unloaded (0 events):
No events

Classes redefined (0 events):
No events

Internal exceptions (0 events):
No events

ZGC Phase Switch (0 events):
No events

VM Operations (0 events):
No events

Memory protections (0 events):
No events

Nmethod flushes (0 events):
No events

Events (0 events):
No events


Dynamic libraries:
0x00007ff6d8c90000 - 0x00007ff6d8c9a000 	E:\Android\jbr\bin\java.exe
0x00007ff8f57f0000 - 0x00007ff8f5a07000 	C:\Windows\SYSTEM32\ntdll.dll
0x00007ff8f4e60000 - 0x00007ff8f4f24000 	C:\Windows\System32\KERNEL32.DLL
0x00007ff8f2e30000 - 0x00007ff8f3202000 	C:\Windows\System32\KERNELBASE.dll
0x00007ff8f2bc0000 - 0x00007ff8f2cd1000 	C:\Windows\System32\ucrtbase.dll
0x00007ff8d68e0000 - 0x00007ff8d68f8000 	E:\Android\jbr\bin\jli.dll
0x00007ff8dc060000 - 0x00007ff8dc07b000 	E:\Android\jbr\bin\VCRUNTIME140.dll
0x00007ff8f4ca0000 - 0x00007ff8f4e51000 	C:\Windows\System32\USER32.dll
0x00007ff8f2a20000 - 0x00007ff8f2a46000 	C:\Windows\System32\win32u.dll
0x00007ff8d9780000 - 0x00007ff8d9a1b000 	C:\Windows\WinSxS\amd64_microsoft.windows.common-controls_6595b64144ccf1df_6.0.22621.5547_none_27104afb73855772\COMCTL32.dll
0x00007ff8f5670000 - 0x00007ff8f5699000 	C:\Windows\System32\GDI32.dll
0x00007ff8f3210000 - 0x00007ff8f3333000 	C:\Windows\System32\gdi32full.dll
0x00007ff8f56a0000 - 0x00007ff8f5747000 	C:\Windows\System32\msvcrt.dll
0x00007ff8f2d60000 - 0x00007ff8f2dfa000 	C:\Windows\System32\msvcp_win.dll
0x00007ff8f5600000 - 0x00007ff8f5631000 	C:\Windows\System32\IMM32.DLL
0x00007ff8e8240000 - 0x00007ff8e824c000 	E:\Android\jbr\bin\vcruntime140_1.dll
0x00007ff8afa70000 - 0x00007ff8afafd000 	E:\Android\jbr\bin\msvcp140.dll
0x00007ff861d80000 - 0x00007ff862a0b000 	E:\Android\jbr\bin\server\jvm.dll
0x00007ff8f53f0000 - 0x00007ff8f54a1000 	C:\Windows\System32\ADVAPI32.dll
0x00007ff8f5190000 - 0x00007ff8f5238000 	C:\Windows\System32\sechost.dll
0x00007ff8f2e00000 - 0x00007ff8f2e28000 	C:\Windows\System32\bcrypt.dll
0x00007ff8f4250000 - 0x00007ff8f4364000 	C:\Windows\System32\RPCRT4.dll
0x00007ff8f5240000 - 0x00007ff8f52b1000 	C:\Windows\System32\WS2_32.dll
0x00007ff8f27a0000 - 0x00007ff8f27ed000 	C:\Windows\SYSTEM32\POWRPROF.dll
0x00007ff8ee740000 - 0x00007ff8ee774000 	C:\Windows\SYSTEM32\WINMM.dll
0x00007ff8ea840000 - 0x00007ff8ea84a000 	C:\Windows\SYSTEM32\VERSION.dll
0x00007ff8f2780000 - 0x00007ff8f2793000 	C:\Windows\SYSTEM32\UMPDC.dll
0x00007ff8f1910000 - 0x00007ff8f1928000 	C:\Windows\SYSTEM32\kernel.appcore.dll
0x00007ff8debe0000 - 0x00007ff8debea000 	E:\Android\jbr\bin\jimage.dll
0x00007ff8f0430000 - 0x00007ff8f0663000 	C:\Windows\SYSTEM32\DBGHELP.DLL
0x00007ff8f3cf0000 - 0x00007ff8f4083000 	C:\Windows\System32\combase.dll
0x00007ff8f54b0000 - 0x00007ff8f5587000 	C:\Windows\System32\OLEAUT32.dll
0x00007ff8db920000 - 0x00007ff8db952000 	C:\Windows\SYSTEM32\dbgcore.DLL
0x00007ff8f2ce0000 - 0x00007ff8f2d5b000 	C:\Windows\System32\bcryptPrimitives.dll
0x00007ff8ee8a0000 - 0x00007ff8ee8ae000 	E:\Android\jbr\bin\instrument.dll
0x00007ff8d68c0000 - 0x00007ff8d68e0000 	E:\Android\jbr\bin\java.dll

dbghelp: loaded successfully - version: 4.0.5 - missing functions: none
symbol engine: initialized successfully - sym options: 0x614 - pdb path: .;E:\Android\jbr\bin;C:\Windows\SYSTEM32;C:\Windows\WinSxS\amd64_microsoft.windows.common-controls_6595b64144ccf1df_6.0.22621.5547_none_27104afb73855772;E:\Android\jbr\bin\server

VM Arguments:
jvm_args: -javaagent:E:\Android\lib\idea_rt.jar=56589 -Dfile.encoding=UTF-8 -Dsun.stdout.encoding=UTF-8 -Dsun.stderr.encoding=UTF-8 
java_command: com.example.ApplicationKt
java_class_path (initial): E:\Documentos\Dispositivos_moviles\BackendAppMoviles\BackendAppMoviles\build\classes\kotlin\main;E:\Documentos\Dispositivos_moviles\BackendAppMoviles\BackendAppMoviles\build\resources\main;C:\Users\carlo\.gradle\caches\modules-2\files-2.1\io.ktor\ktor-server-netty-jvm\3.2.1\923f3a60acfc4396109b0099b68b0058e74d2af9\ktor-server-netty-jvm-3.2.1.jar;C:\Users\carlo\.gradle\caches\modules-2\files-2.1\io.ktor\ktor-server-core-jvm\3.2.1\2580be3c082dc7dbbd886b9519e36f65fc50b648\ktor-server-core-jvm-3.2.1.jar;C:\Users\carlo\.gradle\caches\modules-2\files-2.1\org.jetbrains.exposed\exposed-dao\0.41.1\a125d583f35b0611953de7607e1fecffa1bc8685\exposed-dao-0.41.1.jar;C:\Users\carlo\.gradle\caches\modules-2\files-2.1\org.jetbrains.exposed\exposed-jdbc\0.41.1\13aa3881ac29ae4890196d74812cfded1fae4b90\exposed-jdbc-0.41.1.jar;C:\Users\carlo\.gradle\caches\modules-2\files-2.1\org.jetbrains.exposed\exposed-java-time\0.41.1\4211022e682c489af30a32085873e096a7582a12\exposed-java-time-0.41.1.jar;C:\Users\carlo\.gradle\caches\modules-2\files-2.1\org.jetbrains.exposed\exposed-core\0.41.1\9beb750a4ebd55009dc9cb138f62adae21772c65\exposed-core-0.41.1.jar;C:\Users\carlo\.gradle\caches\modules-2\files-2.1\io.github.cdimascio\dotenv-kotlin\6.4.1\71c222ad8e1b7e32305b2c9c996c4e631a54d9bd\dotenv-kotlin-6.4.1.jar;C:\Users\carlo\.gradle\caches\modules-2\files-2.1\org.jetbrains.kotlin\kotlin-stdlib\2.1.21\97a0975aa19d925e109537af60eb46902920015c\kotlin-stdlib-2.1.21.jar;C:\Users\carlo\.gradle\caches\modules-2\files-2.1\ch.qos.logback\logback-classic\1.4.14\d98bc162275134cdf1518774da4a2a17ef6fb94d\logback-classic-1.4.14.jar;C:\Users\carlo\.gradle\caches\modules-2\files-2.1\org.postgresql\postgresql\42.6.0\7614cfce466145b84972781ab0079b8dea49e363\postgresql-42.6.0.jar;C:\Users\carlo\.gradle\caches\modules-2\files-2.1\at.favre.lib\bcrypt\0.9.0\50cca88b852b579c3ce3381688a92c718ffede1b\bcrypt-0.9.0.jar;C:\Users\carlo\.gradle\caches\modules-2\files-2.1\org.slf4j\slf4j-api\2.0.17\d9e58ac9c7779ba3bf8142aff6c830617a7fe60f\slf4j-api-2.0.17.jar;C:\Users\carlo\.gradle\caches\modules-2\files-2.1\io.netty\netty-codec-http2\4.2.2.Final\24312e4e017d2e7cc894baca9ceb849f1bcc3e\netty-codec-http2-4.2.2.Final.jar;C:\Users\carlo\.gradle\caches\modules-2\files-2.1\org.eclipse.jetty.alpn\alpn-api\1.1.3.v20160715\a1bf3a937f91b4c953acd13e8c9552347adc2198\alpn-api-1.1.3.v20160715.jar;C:\Users\carlo\.gradle\caches\modules-2\files-2.1\io.netty\netty-transport-native-kqueue\4.2.2.Final\74c1420a1a0f556b6141cc85ade51f0a85821527\netty-transport-native-kqueue-4.2.2.Final.jar;C:\Users\carlo\.gradle\caches\modules-2\files-2.1\io.netty\netty-transport-native-epoll\4.2.2.Final\5136544922a48e77bcefe8bc0dcf81637365fcf0\netty-transport-native-epoll-4.2.2.Final.jar;C:\Users\carlo\.gradle\caches\modules-2\files-2.1\io.ktor\ktor-server-config-yaml-jvm\3.2.1\573c4986f5c630f3d3ff8536bbf4b59b8c2aa498\ktor-server-config-yaml-jvm-3.2.1.jar;C:\Users\carlo\.gradle\caches\modules-2\files-2.1\io.ktor\ktor-server-auth-jwt-jvm\3.2.1\4eb300e888b81fc840e01a31466c62b26ec974df\ktor-server-auth-jwt-jvm-3.2.1.jar;C:\Users\carlo\.gradle\caches\modules-2\files-2.1\io.ktor\ktor-server-auth-jvm\3.2.1\3667ff1e939e09cf3ed15b1fb7451cc1ad5e6816\ktor-server-auth-jvm-3.2.1.jar;C:\Users\carlo\.gradle\caches\modules-2\files-2.1\io.ktor\ktor-server-content-negotiation-jvm\3.2.1\daf3cdf8a9c7e649d56e2f23fd8fbb185b7a8ac2\ktor-server-content-negotiation-jvm-3.2.1.jar;C:\Users\carlo\.gradle\caches\modules-2\files-2.1\org.jetbrains.kotlin\kotlin-reflect\2.1.21\4929da533b3f04a101e4bb9ae0ee51a1d8107614\kotlin-reflect-2.1.21.jar;C:\Users\carlo\.gradle\caches\modules-2\files-2.1\com.typesafe\config\1.4.3\b57e0fbdc7270d8ea59c1ba367457a5cc7ba0e98\config-1.4.3.jar;C:\Users\carlo\.gradle\caches\modules-2\files-2.1\org.jetbrains.kotlin\kotlin-stdlib-jdk8\1.8.0\ed04f49e186a116753ad70d34f0ac2925d1d8020\kotlin-stdlib-jdk8-1.8.0.jar;C:\Users\carlo\.gradle\caches\modules-2\files-2.1\io.github.cdimascio\dotenv-java\2.3.2\709ce3e74d65eda1a7d29602d513b53492807ff8\dotenv-java-2.3.2.jar;C:\Users\carlo\.gradle\caches\modules-2\files-2.1\io.ktor\ktor-serialization-kotlinx-json-jvm\3.2.1\a05adbefa163f1f56cf7ff83ea7face8cdba5b15\ktor-serialization-kotlinx-json-jvm-3.2.1.jar;C:\Users\carlo\.gradle\caches\modules-2\files-2.1\io.ktor\ktor-client-cio-jvm\3.2.1\8cee99ab4c3747f2b23766c0ba8538f56d7b2390\ktor-client-cio-jvm-3.2.1.jar;C:\Users\carlo\.gradle\caches\modules-2\files-2.1\io.ktor\ktor-client-content-negotiation-jvm\3.2.1\81690c54085be2c4954716aac659b6a95a87afa1\ktor-client-content-negotiation-jvm-3.2.1.jar;C:\Users\carlo\.gradle\caches\modules-2\files-2.1\io.ktor\ktor-client-core-jvm\3.2.1\141f47de347254684e9ba31dbefcead190459855\ktor-client-core-jvm-3.2.1.jar;C:\Users\carlo\.gradle\caches\modules-2\files-2.1\org.jetbrains.kotlinx\kotlinx-serialization-json-jvm\1.8.1\4de3bace4b175753df5484d2acd74c14bfeb5be9\kotlinx-serialization-json-jvm-1.8.1.jar;C:\Users\carlo\.gradle\caches\modules-2\files-2.1\org.jetbrains\annotations\23.0.0\8cc20c07506ec18e0834947b84a864bfc094484e\annotations-23.0.0.jar;C:\Users\carlo\.gradle\caches\modules-2\files-2.1\ch.qos.logback\logback-core\1.4.14\4d3c2248219ac0effeb380ed4c5280a80bf395e8\logback-core-1.4.14.jar;C:\Users\carlo\.gradle\caches\modules-2\files-2.1\at.favre.lib\bytes\1.3.0\49be3deb54a48744bbab869bc9b636c81d255d30\bytes-1.3.0.jar;C:\Users\carlo\.gradle\caches\modules-2\files-2.1\org.jetbrains.kotlinx\kotlinx-coroutines-core-jvm\1.10.2\4a9f78ef49483748e2c129f3d124b8fa249dafbf\kotlinx-coroutines-core-jvm-1.10.2.jar;C:\Users\carlo\.gradle\caches\modules-2\files-2.1\io.netty\netty-codec-http\4.2.2.Final\4338db256373891829442f774e049eee53ebf9e7\netty-codec-http-4.2.2.Final.jar;C:\Users\carlo\.gradle\caches\modules-2\files-2.1\io.netty\netty-handler\4.2.2.Final\275d0b1fdb5110fcbb6ab64c91688e1a01083c66\netty-handler-4.2.2.Final.jar;C:\Users\carlo\.gradle\caches\modules-2\files-2.1\io.netty\netty-codec-base\4.2.2.Final\b78bea31f40f9c23bb5f47eb47830a6e7540f69e\netty-codec-base-4.2.2.Final.jar;C:\Users\carlo\.gradle\caches\modules-2\files-2.1\io.netty\netty-transport\4.2.2.Final\495585c077a6b6c28932c2f70281c62d276b9f0e\netty-transport-4.2.2.Final.jar;C:\Users\carlo\.gradle\caches\modules-2\files-2.1\io.netty\netty-buffer\4.2.2.Final\a27dea07e13f064147dd2535e6db352570dd99ad\netty-buffer-4.2.2.Final.jar;C:\Users\carlo\.gradle\caches\modules-2\files-2.1\io.netty\netty-common\4.2.2.Final\58b152807286691ec7caaa3ed4124f10ff640cde\netty-common-4.2.2.Final.jar;C:\Users\carlo\.gradle\caches\modules-2\files-2.1\io.netty\netty-transport-classes-kqueue\4.2.2.Final\335ce97d9b277024b5817912cdcee8453855d7d5\netty-transport-classes-kqueue-4.2.2.Final.jar;C:\Users\carlo\.gradle\caches\modules-2\files-2.1\io.netty\netty-transport-native-unix-common\4.2.2.Final\2367bd62271490a60adbcb7705b3f20e9b1501a6\netty-transport-native-unix-common-4.2.2.Final.jar;C:\Users\carlo\.gradle\caches\modules-2\files-2.1\io.netty\netty-transport-classes-epoll\4.2.2.Final\49087dd056dca5551bb5a53c9c4151a4eff03e33\netty-transport-classes-epoll-4.2.2.Final.jar;C:\Users\carlo\.gradle\caches\modules-2\files-2.1\com.auth0\java-jwt\4.5.0\d7004155fe57a107cc40fb6be0132d8ad2530613\java-jwt-4.5.0.jar;C:\Users\carlo\.gradle\caches\modules-2\files-2.1\com.auth0\jwks-rsa\0.22.1\6da617499e4614b5c22a52cb142dfe376a9a4f00\jwks-rsa-0.22.1.jar;C:\Users\carlo\.gradle\caches\modules-2\files-2.1\io.ktor\ktor-http-cio-jvm\3.2.1\79ca18ac89a8e102e5aae1c32a1e1e27ea1fbf0d\ktor-http-cio-jvm-3.2.1.jar;C:\Users\carlo\.gradle\caches\modules-2\files-2.1\io.ktor\ktor-serialization-jvm\3.2.1\3f5ff61461831aacbfbc56c6742b6350d26f3f94\ktor-serialization-jvm-3.2.1.jar;C:\Users\carlo\.gradle\caches\modules-2\files-2.1\io.ktor\ktor-websockets-jvm\3.2.1\c0fe8d5a565bf46913aa626f16b7f5708bf2fa8c\ktor-websockets-jvm-3.2.1.jar;C:\Users\carlo\.gradle\caches\modules-2\files-2.1\io.ktor\ktor-http-jvm\3.2.1\830b36cbddc5d509ba22292c8ab8168218dec5f2\ktor-http-jvm-3.2.1.jar;C:\Users\carlo\.gradle\caches\modules-2\files-2.1\io.ktor\ktor-events-jvm\3.2.1\d25cbe4335e2227eec86c9e24acb4cc707f03d2d\ktor-events-jvm-3.2.1.jar;C:\Users\carlo\.gradle\caches\modules-2\files-2.1\io.ktor\ktor-utils-jvm\3.2.1\b7567c411afbd479b0a99256d7b6ec89239edbd0\ktor-utils-jvm-3.2.1.jar;C:\Users\carlo\.gradle\caches\modules-2\files-2.1\org.jetbrains.kotlin\kotlin-stdlib-jdk7\1.8.0\3c91271347f678c239607abb676d4032a7898427\kotlin-stdlib-jdk7-1.8.0.jar;C:\Users\carlo\.gradle\caches\modules-2\files-2.1\io.netty\netty-codec-compression\4.2.2.Final\f052272351e478495fe2ec6b2d267d449b8f92d9\netty-codec-compression-4.2.2.Final.jar;C:\Users\carlo\.gradle\caches\modules-2\files-2.1\io.netty\netty-resolver\4.2.2.Final\54730eeba61c27341416e5ec9d05ce53f5d8ee81\netty-resolver-4.2.2.Final.jar;C:\Users\carlo\.gradle\caches\modules-2\files-2.1\net.mamoe.yamlkt\yamlkt-jvm\0.13.0\9c93e3ef80314d6486f6f9be95db8df6bc728d67\yamlkt-jvm-0.13.0.jar;C:\Users\carlo\.gradle\caches\modules-2\files-2.1\com.fasterxml.jackson.core\jackson-databind\2.15.4\560309fc381f77d4d15c4a4cdaa0db5025c4fd13\jackson-databind-2.15.4.jar;C:\Users\carlo\.gradle\caches\modules-2\files-2.1\com.fasterxml.jackson.core\jackson-core\2.15.4\aebe84b45360debad94f692a4074c6aceb535fa0\jackson-core-2.15.4.jar;C:\Users\carlo\.gradle\caches\modules-2\files-2.1\io.ktor\ktor-server-sessions-jvm\3.2.1\d764e2e66a0237cc48bd3a4093b0ba877d94e0dc\ktor-server-sessions-jvm-3.2.1.jar;C:\Users\carlo\.gradle\caches\modules-2\files-2.1\io.ktor\ktor-serialization-kotlinx-jvm\3.2.1\4ced4c1136c6c2040c9bde00d7f7da06a1517ff\ktor-serialization-kotlinx-jvm-3.2.1.jar;C:\Users\carlo\.gradle\caches\modules-2\files-2.1\org.jetbrains.kotlinx\kotlinx-serialization-json-io-jvm\1.8.1\de4e31bfc7ddf8585418f8d4fca649feca574cdf\kotlinx-serialization-json-io-jvm-1.8.1.jar;C:\Users\carlo\.gradle\caches\modules-2\files-2.1\io.ktor\ktor-network-tls-jvm\3.2.1\2b21594cf8ca6cc126f938c04d89ee1ad6402bf\ktor-network-tls-jvm-3.2.1.jar;C:\Users\carlo\.gradle\caches\modules-2\files-2.1\io.ktor\ktor-websocket-serialization-jvm\3.2.1\7232b56fab151c716a95a29bf75fe4291be8c0d5\ktor-websocket-serialization-jvm-3.2.1.jar;C:\Users\carlo\.gradle\caches\modules-2\files-2.1\io.ktor\ktor-sse-jvm\3.2.1\56a9e690762fdd941f3652aecf06e33479184766\ktor-sse-jvm-3.2.1.jar;C:\Users\carlo\.gradle\caches\modules-2\files-2.1\org.jetbrains.kotlinx\kotlinx-serialization-core-jvm\1.8.1\510cb839cce9a3e708052d480a6fbf4a7274dfcd\kotlinx-serialization-core-jvm-1.8.1.jar;C:\Users\carlo\.gradle\caches\modules-2\files-2.1\com.fasterxml.jackson.core\jackson-annotations\2.15.4\5223ea5a9bf52cdc9c5e537a0e52f2432eaf208b\jackson-annotations-2.15.4.jar;C:\Users\carlo\.gradle\caches\modules-2\files-2.1\io.ktor\ktor-network-jvm\3.2.1\f3205763b340bcf8e8a9269d533b13b738212841\ktor-network-jvm-3.2.1.jar;C:\Users\carlo\.gradle\caches\modules-2\files-2.1\io.ktor\ktor-io-jvm\3.2.1\12943127ed9698e1972f80869c9a1611d3f8c02e\ktor-io-jvm-3.2.1.jar;C:\Users\carlo\.gradle\caches\modules-2\files-2.1\org.jetbrains.kotlinx\kotlinx-io-core-jvm\0.7.0\1d9595ed390f6304ce90a049e6b2f1fab3b408c4\kotlinx-io-core-jvm-0.7.0.jar;C:\Users\carlo\.gradle\caches\modules-2\files-2.1\org.jetbrains.kotlinx\kotlinx-io-bytestring-jvm\0.7.0\ffe5bd231da40d21870250703326113277dbf9c3\kotlinx-io-bytestring-jvm-0.7.0.jar;C:\Users\carlo\.gradle\caches\modules-2\files-2.1\org.fusesource.jansi\jansi\2.4.2\ba7387c31622c6650b83edba1bbb115f1fe462ba\jansi-2.4.2.jar;C:\Users\carlo\.gradle\caches\modules-2\files-2.1\org.checkerframework\checker-qual\3.33.0\de2b60b62da487644fc11f734e73c8b0b431238f\checker-qual-3.33.0.jar;C:\Users\carlo\.gradle\caches\modules-2\files-2.1\org.jetbrains.kotlinx\kotlinx-coroutines-slf4j\1.10.2\1271f9d4a929150bb87ab8d1dc1e86d4bcf039f3\kotlinx-coroutines-slf4j-1.10.2.jar;C:\Users\carlo\.gradle\caches\modules-2\files-2.1\com.charleskorn.kaml\kaml-jvm\0.77.1\77fee41e34be3cbf6b096d48b739a6c9fe8d3ee8\kaml-jvm-0.77.1.jar;C:\Users\carlo\.gradle\caches\modules-2\files-2.1\com.google.guava\guava\32.1.1-jre\ad575652d84153075dd41ec6177ccb15251262b2\guava-32.1.1-jre.jar;C:\Users\carlo\.gradle\caches\modules-2\files-2.1\com.google.guava\failureaccess\1.0.1\1dcf1de382a0bf95a3d8b0849546c88bac1292c9\failureaccess-1.0.1.jar;C:\Users\carlo\.gradle\caches\modules-2\files-2.1\com.google.code.findbugs\jsr305\3.0.2\25ea2e8b0c338a877313bd4672d3fe056ea78f0d\jsr305-3.0.2.jar;C:\Users\carlo\.gradle\caches\modules-2\files-2.1\com.google.errorprone\error_prone_annotations\2.18.0\89b684257096f548fa39a7df9fdaa409d4d4df91\error_prone_annotations-2.18.0.jar;C:\Users\carlo\.gradle\caches\modules-2\files-2.1\it.krzeminski\snakeyaml-engine-kmp-jvm\3.1.1\542190d973fb66f3568fbcec1a3a8210e2f705dc\snakeyaml-engine-kmp-jvm-3.1.1.jar;C:\Users\carlo\.gradle\caches\modules-2\files-2.1\com.squareup.okio\okio-jvm\3.11.0\e19f243ee46335ab089613a25f3ea1f65df285b1\okio-jvm-3.11.0.jar;C:\Users\carlo\.gradle\caches\modules-2\files-2.1\net.thauvin.erik.urlencoder\urlencoder-lib-jvm\1.6.0\6b922dd3ff960b08873c10395545e08355e250c9\urlencoder-lib-jvm-1.6.0.jar
Launcher Type: SUN_STANDARD

[Global flags]
     intx CICompilerCount                          = 4                                         {product} {ergonomic}
     uint ConcGCThreads                            = 2                                         {product} {ergonomic}
     uint G1ConcRefinementThreads                  = 8                                         {product} {ergonomic}
   size_t G1HeapRegionSize                         = 2097152                                   {product} {ergonomic}
    uintx GCDrainStackTargetSize                   = 64                                        {product} {ergonomic}
   size_t InitialHeapSize                          = 167772160                                 {product} {ergonomic}
   size_t MarkStackSize                            = 4194304                                   {product} {ergonomic}
   size_t MaxHeapSize                              = 2663383040                                {product} {ergonomic}
   size_t MinHeapDeltaBytes                        = 2097152                                   {product} {ergonomic}
   size_t MinHeapSize                              = 8388608                                   {product} {ergonomic}
    uintx NonNMethodCodeHeapSize                   = 5839372                                {pd product} {ergonomic}
    uintx NonProfiledCodeHeapSize                  = 122909434                              {pd product} {ergonomic}
    uintx ProfiledCodeHeapSize                     = 122909434                              {pd product} {ergonomic}
    uintx ReservedCodeCacheSize                    = 251658240                              {pd product} {ergonomic}
     bool SegmentedCodeCache                       = true                                      {product} {ergonomic}
   size_t SoftMaxHeapSize                          = 2663383040                             {manageable} {ergonomic}
     bool UseCompressedOops                        = true                           {product lp64_product} {ergonomic}
     bool UseG1GC                                  = true                                      {product} {ergonomic}
     bool UseLargePagesIndividualAllocation        = false                                  {pd product} {ergonomic}

Logging:
Log output configuration:
 #0: stdout all=warning uptime,level,tags foldmultilines=false
 #1: stderr all=off uptime,level,tags foldmultilines=false

Environment Variables:
JAVA_HOME=C:\Program Files\Java\jdk-23
PATH=C:\Program Files\Common Files\Oracle\Java\javapath;C:\Windows\system32;C:\Windows;C:\Windows\System32\Wbem;C:\Windows\System32\WindowsPowerShell\v1.0\;C:\Windows\System32\OpenSSH\;E:\git\Git\cmd;C:\Program Files\Docker\Docker\resources\bin;C:\Program Files (x86)\Go\bin;C:\Program Files\protoc\bin;C:\Program Files\nodejs\;C:\Users\carlo\AppData\Local\Programs\Python\Python311\Scripts\;C:\Users\carlo\AppData\Local\Programs\Python\Python311\;C:\Users\carlo\AppData\Local\Programs\Python\Launcher\;C:\Users\carlo\AppData\Local\Microsoft\WindowsApps;E:\Visual Code\Microsoft VS Code\bin;C:\Users\carlo\go\bin;C:\Users\carlo\AppData\Roaming\npm;C:\Program Files\wkhtmltopdf\bin;
USERNAME=carlo
OS=Windows_NT
PROCESSOR_IDENTIFIER=AMD64 Family 23 Model 24 Stepping 1, AuthenticAMD
TMP=C:\Users\carlo\AppData\Local\Temp
TEMP=C:\Users\carlo\AppData\Local\Temp




Periodic native trim disabled

JNI global refs:
JNI global refs: 0, weak refs: 0

JNI global refs memory usage: 0, weak refs: 0

Process memory usage:
Resident Set Size: 11900K (0% of 10397440K total physical memory with 284640K free physical memory)

OOME stack traces (most recent first):
Classloader memory used:

---------------  S Y S T E M  ---------------

OS:
 Windows 11 , 64 bit Build 22621 (10.0.22621.5415)
OS uptime: 1 days 3:49 hours
Hyper-V role detected

CPU: total 8 (initial active 8) (8 cores per cpu, 2 threads per core) family 23 model 24 stepping 1 microcode 0x0, cx8, cmov, fxsr, ht, mmx, 3dnowpref, sse, sse2, sse3, ssse3, sse4a, sse4.1, sse4.2, popcnt, lzcnt, tsc, tscinvbit, avx, avx2, aes, clmul, bmi1, bmi2, adx, sha, fma, vzeroupper, clflush, clflushopt, hv, rdtscp, f16c
Processor Information for the first 8 processors :
  Max Mhz: 2100, Current Mhz: 2100, Mhz Limit: 2100

Memory: 4k page, system-wide physical 10153M (277M free)
TotalPageFile size 25416M (AvailPageFile size 45M)
current process WorkingSet (physical memory assigned to process): 11M, peak: 11M
current process commit charge ("private bytes"): 60M, peak: 220M

vm_info: OpenJDK 64-Bit Server VM (21.0.6+-13368085-b895.109) for windows-amd64 JRE (21.0.6+-13368085-b895.109), built on 2025-04-16T17:01:31Z by "builder" with MS VC++ 16.10 / 16.11 (VS2019)

END.
